(APIServer pid=1) INFO 10-05 19:54:44 [launcher.py:51] Available routes are:
(APIServer pid=1) INFO 10-05 19:54:44 [launcher.py:60] Route: /openapi.json, Methods: HEAD, GET
(APIServer pid=1) INFO 10-05 19:54:44 [launcher.py:60] Route: /docs, Methods: HEAD, GET
(APIServer pid=1) INFO 10-05 19:54:44 [launcher.py:60] Route: /docs/oauth2-redirect, Methods: HEAD, GET
(APIServer pid=1) INFO 10-05 19:54:44 [launcher.py:60] Route: /redoc, Methods: HEAD, GET
(APIServer pid=1) INFO 10-05 19:54:44 [launcher.py:60] Route: /load, Methods: GET
(APIServer pid=1) INFO 10-05 19:54:44 [launcher.py:60] Route: /version, Methods: GET
(APIServer pid=1) INFO 10-05 19:54:44 [launcher.py:60] Route: /health, Methods: GET
(APIServer pid=1) INFO 10-05 19:54:44 [launcher.py:60] Route: /metrics, Methods: GET
(APIServer pid=1) INFO 10-05 19:54:44 [launcher.py:60] Route: /tokenize, Methods: POST
(APIServer pid=1) INFO 10-05 19:54:44 [launcher.py:60] Route: /detokenize, Methods: POST
(APIServer pid=1) INFO 10-05 19:54:44 [launcher.py:60] Route: /v1/models, Methods: GET
(APIServer pid=1) INFO 10-05 19:54:44 [launcher.py:60] Route: /ping, Methods: GET
(APIServer pid=1) INFO 10-05 19:54:44 [launcher.py:60] Route: /ping, Methods: POST
(APIServer pid=1) INFO 10-05 19:54:44 [launcher.py:60] Route: /invocations, Methods: POST
(APIServer pid=1) INFO 10-05 19:54:44 [launcher.py:60] Route: /pooling, Methods: POST
(APIServer pid=1) INFO 10-05 19:54:44 [launcher.py:60] Route: /v1/embeddings, Methods: POST
(APIServer pid=1) INFO 10-05 19:54:44 [launcher.py:60] Route: /v2/embed, Methods: POST
(APIServer pid=1) INFO 10-05 19:54:44 [launcher.py:60] Route: /score, Methods: POST
(APIServer pid=1) INFO 10-05 19:54:44 [launcher.py:60] Route: /v1/score, Methods: POST
(APIServer pid=1) INFO 10-05 19:54:44 [launcher.py:60] Route: /rerank, Methods: POST
(APIServer pid=1) INFO 10-05 19:54:44 [launcher.py:60] Route: /v1/rerank, Methods: POST
(APIServer pid=1) INFO 10-05 19:54:44 [launcher.py:60] Route: /v2/rerank, Methods: POST
(APIServer pid=1) INFO:     Started server process [1]
(APIServer pid=1) INFO:     Waiting for application startup.
(APIServer pid=1) INFO:     Application startup complete.
(APIServer pid=1) INFO:     127.0.0.1:39450 - "GET /v1/models HTTP/1.1" 200 OK
(EngineCore pid=190) WARNING 10-05 19:54:53 [jit_monitor.py:141] Triton kernel JIT compilation during inference: _compute_slot_mapping_kernel. This causes a latency spike; consider extending warmup to cover this shape/config.
(EngineCore pid=190) WARNING 10-05 19:54:53 [jit_monitor.py:141] Triton kernel JIT compilation during inference: _copy_page_indices_kernel. This causes a latency spike; consider extending warmup to cover this shape/config.
(APIServer pid=1) INFO:     127.0.0.1:52598 - "POST /v1/embeddings HTTP/1.1" 400 Bad Request
